[themewagon.github.io/mr-mrs/index.html]
[backblue.gif]
[fade.gif]
[index.html]
[use.fontawesome.com/releases/v5.15.4/css/all.css]
[cdn.jsdelivr.net/npm/bootstrap-icons@1.4.1/font/bootstrap-icons.css]
[themewagon.github.io/mr-mrs/lib/animate/animate.min.css]
[themewagon.github.io/mr-mrs/lib/lightbox/css/lightbox.min.css]
[themewagon.github.io/mr-mrs/css/bootstrap.min.css]
[themewagon.github.io/mr-mrs/css/style.css]
[themewagon.github.io/mr-mrs/index-2.html]
[themewagon.github.io/mr-mrs/img/carousel-1.jpg]
[themewagon.github.io/mr-mrs/img/carousel-2.jpg]
[themewagon.github.io/mr-mrs/img/carousel-3.png]
[themewagon.github.io/mr-mrs/img/tamp-bg-1.png]
[themewagon.github.io/mr-mrs/img/bride.jpg]
[themewagon.github.io/mr-mrs/img/Groom.jpg]
[themewagon.github.io/mr-mrs/img/bg-flower.png]
[themewagon.github.io/mr-mrs/img/about-1.jpg]
[themewagon.github.io/mr-mrs/img/story-1.jpg]
[themewagon.github.io/mr-mrs/img/story-2.jpg]
[themewagon.github.io/mr-mrs/img/story-3.jpg]
[themewagon.github.io/mr-mrs/img/story-4.jpg]
[themewagon.github.io/mr-mrs/img/attendance-bg.png]
[themewagon.github.io/mr-mrs/img/wedding-bg.png]
[themewagon.github.io/mr-mrs/img/gallery-1.jpg]
[themewagon.github.io/mr-mrs/img/gallery-2.jpg]
[themewagon.github.io/mr-mrs/img/gallery-3.jpg]
[themewagon.github.io/mr-mrs/img/gallery-4.jpg]
[themewagon.github.io/mr-mrs/img/gallery-5.jpg]
[themewagon.github.io/mr-mrs/img/gallery-6.jpg]
[themewagon.github.io/mr-mrs/img/gallery-7.jpg]
[themewagon.github.io/mr-mrs/img/gallery-8.jpg]
[themewagon.github.io/mr-mrs/img/bridesmaid-1.png]
[themewagon.github.io/mr-mrs/img/team-1-bg.png]
[themewagon.github.io/mr-mrs/img/bridesmaid-team-2.png]
[themewagon.github.io/mr-mrs/img/bridesmaid-3.png]
[themewagon.github.io/mr-mrs/img/bridesmaid-4.png]
[themewagon.github.io/mr-mrs/img/Groomsmen-1.png]
[themewagon.github.io/mr-mrs/img/Groomsmen-2.png]
[themewagon.github.io/mr-mrs/img/Groomsmen-3.png]
[themewagon.github.io/mr-mrs/img/Groomsmen-4.png]
[ajax.googleapis.com/ajax/libs/jquery/3.6.4/jquery.min.js]
[cdn.jsdelivr.net/npm/bootstrap@5.0.0/dist/js/bootstrap.bundle.min.js]
[themewagon.github.io/mr-mrs/lib/easing/easing.min.js]
[themewagon.github.io/mr-mrs/lib/wow/wow.min.js]
[themewagon.github.io/mr-mrs/lib/waypoints/waypoints.min.js]
[themewagon.github.io/mr-mrs/lib/lightbox/js/lightbox.min.js]
[themewagon.github.io/mr-mrs/js/main.js]
[themewagon.github.io/mr-mrs/index.html]
[use.fontawesome.com/releases/v5.15.4/css/all.css]
[cdn.jsdelivr.net/npm/bootstrap-icons@1.4.1/font/fonts/bootstrap-iconsfb95.woff2]
[cdn.jsdelivr.net/npm/bootstrap-icons@1.4.1/font/fonts/bootstrap-iconsfb95.woff]
[cdn.jsdelivr.net/npm/bootstrap-icons@1.4.1/font/bootstrap-icons.css]
[themewagon.github.io/mr-mrs/lib/animate/animate.min.css]
[themewagon.github.io/mr-mrs/lib/lightbox/images/loading.gif]
[themewagon.github.io/mr-mrs/lib/lightbox/css/lightbox.min.css]
[themewagon.github.io/mr-mrs/css/bootstrap.min.css]
[themewagon.github.io/mr-mrs/img/wedding-date-bg.jpg]
[themewagon.github.io/mr-mrs/img/footer-bg.jpg]
[themewagon.github.io/mr-mrs/css/style.css]
[themewagon.github.io/mr-mrs/index-2.html]
[themewagon.github.io/mr-mrs/img/Groomsmen-2.html]
[themewagon.github.io/mr-mrs/img/Groomsmen-4.html]
